[INFO] Scanning for projects...
[INFO] 
[INFO] -----------------------< com.capitall:capitall >------------------------
[INFO] Building Capitall 0.0.1-SNAPSHOT
[INFO]   from pom.xml
[INFO] --------------------------------[ jar ]---------------------------------
[INFO] 
[INFO] >>> spring-boot:3.3.0:run (default-cli) > test-compile @ capitall >>>
[INFO] 
[INFO] --- resources:3.3.1:resources (default-resources) @ capitall ---
[INFO] Copying 1 resource from src/main/resources to target/classes
[INFO] Copying 20 resources from src/main/resources to target/classes
[INFO] 
[INFO] --- compiler:3.13.0:compile (default-compile) @ capitall ---
[INFO] Nothing to compile - all classes are up to date.
[INFO] 
[INFO] --- resources:3.3.1:testResources (default-testResources) @ capitall ---
[INFO] skip non existing resourceDirectory /Users/szymonkaczmarczyk/Desktop/capitall - Molewko, Kaczmarczyk, Matuszek/src/test/resources
[INFO] 
[INFO] --- compiler:3.13.0:testCompile (default-testCompile) @ capitall ---
[INFO] Nothing to compile - all classes are up to date.
[INFO] 
[INFO] <<< spring-boot:3.3.0:run (default-cli) < test-compile @ capitall <<<
[INFO] 
[INFO] 
[INFO] --- spring-boot:3.3.0:run (default-cli) @ capitall ---
[INFO] Attaching agents: []
  .   ____          _            __ _ _
 /\\ / ___'_ __ _ _(_)_ __  __ _ \ \ \ \
( ( )\___ | '_ | '_| | '_ \/ _` | \ \ \ \
 \\/  ___)| |_)| | | | | || (_| |  ) ) ) )
  '  |____| .__|_| |_|_| |_\__, | / / / /
 =========|_|==============|___/=/_/_/_/

 :: Spring Boot ::                (v3.3.0)

2026-06-29T10:25:54.824+02:00  INFO 81546 --- [capitall] [           main] com.capitall.CapitallApplication         : Starting CapitallApplication using Java 21.0.3 with PID 81546 (/Users/szymonkaczmarczyk/Desktop/capitall - Molewko, Kaczmarczyk, Matuszek/target/classes started by szymonkaczmarczyk in /Users/szymonkaczmarczyk/Desktop/capitall - Molewko, Kaczmarczyk, Matuszek)
2026-06-29T10:25:54.825+02:00  INFO 81546 --- [capitall] [           main] com.capitall.CapitallApplication         : No active profile set, falling back to 1 default profile: "default"
2026-06-29T10:25:55.042+02:00  INFO 81546 --- [capitall] [           main] .s.d.r.c.RepositoryConfigurationDelegate : Bootstrapping Spring Data JPA repositories in DEFAULT mode.
2026-06-29T10:25:55.069+02:00  INFO 81546 --- [capitall] [           main] .s.d.r.c.RepositoryConfigurationDelegate : Finished Spring Data repository scanning in 24 ms. Found 13 JPA repository interfaces.
2026-06-29T10:25:55.253+02:00  INFO 81546 --- [capitall] [           main] o.s.b.w.embedded.tomcat.TomcatWebServer  : Tomcat initialized with port 8080 (http)
2026-06-29T10:25:55.257+02:00  INFO 81546 --- [capitall] [           main] o.apache.catalina.core.StandardService   : Starting service [Tomcat]
2026-06-29T10:25:55.257+02:00  INFO 81546 --- [capitall] [           main] o.apache.catalina.core.StandardEngine    : Starting Servlet engine: [Apache Tomcat/10.1.24]
2026-06-29T10:25:55.273+02:00  INFO 81546 --- [capitall] [           main] o.a.c.c.C.[Tomcat].[localhost].[/]       : Initializing Spring embedded WebApplicationContext
2026-06-29T10:25:55.273+02:00  INFO 81546 --- [capitall] [           main] w.s.c.ServletWebServerApplicationContext : Root WebApplicationContext: initialization completed in 434 ms
2026-06-29T10:25:55.331+02:00  INFO 81546 --- [capitall] [           main] o.hibernate.jpa.internal.util.LogHelper  : HHH000204: Processing PersistenceUnitInfo [name: default]
2026-06-29T10:25:55.348+02:00  INFO 81546 --- [capitall] [           main] org.hibernate.Version                    : HHH000412: Hibernate ORM core version 6.5.2.Final
2026-06-29T10:25:55.357+02:00  INFO 81546 --- [capitall] [           main] o.h.c.internal.RegionFactoryInitiator    : HHH000026: Second-level cache disabled
2026-06-29T10:25:55.441+02:00  INFO 81546 --- [capitall] [           main] o.s.o.j.p.SpringPersistenceUnitInfo      : No LoadTimeWeaver setup: ignoring JPA class transformer
2026-06-29T10:25:55.448+02:00  INFO 81546 --- [capitall] [           main] com.zaxxer.hikari.HikariDataSource       : HikariPool-1 - Starting...
2026-06-29T10:25:55.527+02:00  INFO 81546 --- [capitall] [           main] com.zaxxer.hikari.pool.HikariPool        : HikariPool-1 - Added connection conn0: url=jdbc:h2:file:./data/capitalldb user=SA
2026-06-29T10:25:55.527+02:00  INFO 81546 --- [capitall] [           main] com.zaxxer.hikari.HikariDataSource       : HikariPool-1 - Start completed.
2026-06-29T10:25:55.886+02:00  INFO 81546 --- [capitall] [           main] o.h.e.t.j.p.i.JtaPlatformInitiator       : HHH000489: No JTA platform available (set 'hibernate.transaction.jta.platform' to enable JTA platform integration)
2026-06-29T10:25:55.910+02:00  INFO 81546 --- [capitall] [           main] j.LocalContainerEntityManagerFactoryBean : Initialized JPA EntityManagerFactory for persistence unit 'default'
2026-06-29T10:25:56.014+02:00  INFO 81546 --- [capitall] [           main] o.s.d.j.r.query.QueryEnhancerFactory     : Hibernate is in classpath; If applicable, HQL parser will be used.
2026-06-29T10:25:56.518+02:00  WARN 81546 --- [capitall] [           main] JpaBaseConfiguration$JpaWebConfiguration : spring.jpa.open-in-view is enabled by default. Therefore, database queries may be performed during view rendering. Explicitly configure spring.jpa.open-in-view to disable this warning
2026-06-29T10:25:56.530+02:00  WARN 81546 --- [capitall] [           main] r$InitializeUserDetailsManagerConfigurer : Global AuthenticationManager configured with an AuthenticationProvider bean. UserDetailsService beans will not be used for username/password login. Consider removing the AuthenticationProvider bean. Alternatively, consider using the UserDetailsService in a manually instantiated DaoAuthenticationProvider.
2026-06-29T10:25:56.552+02:00  INFO 81546 --- [capitall] [           main] o.s.b.a.w.s.WelcomePageHandlerMapping    : Adding welcome page template: index
2026-06-29T10:25:56.780+02:00  INFO 81546 --- [capitall] [           main] o.s.b.w.embedded.tomcat.TomcatWebServer  : Tomcat started on port 8080 (http) with context path '/'
2026-06-29T10:25:56.784+02:00  INFO 81546 --- [capitall] [           main] com.capitall.CapitallApplication         : Started CapitallApplication in 2.074 seconds (process running for 2.195)
2026-06-29T10:25:56.830+02:00  INFO 81546 --- [capitall] [   scheduling-1] com.capitall.service.EquitySnapshotter   : Captured equity snapshots for 2 users
2026-06-29T10:25:56.830+02:00  INFO 81546 --- [capitall] [   scheduling-1] c.capitall.service.AllocationScheduler   : Starting scheduled cleanup of expired allocations...
2026-06-29T10:25:56.834+02:00  INFO 81546 --- [capitall] [   scheduling-1] c.capitall.service.AllocationScheduler   : Scheduled cleanup of expired allocations completed successfully.
2026-06-29T10:26:56.788+02:00  INFO 81546 --- [capitall] [   scheduling-1] c.capitall.service.AllocationScheduler   : Starting scheduled cleanup of expired allocations...
2026-06-29T10:26:56.795+02:00  INFO 81546 --- [capitall] [   scheduling-1] c.capitall.service.AllocationScheduler   : Scheduled cleanup of expired allocations completed successfully.
2026-06-29T10:27:39.469+02:00  INFO 81546 --- [capitall] [nio-8080-exec-1] o.a.c.c.C.[Tomcat].[localhost].[/]       : Initializing Spring DispatcherServlet 'dispatcherServlet'
2026-06-29T10:27:39.470+02:00  INFO 81546 --- [capitall] [nio-8080-exec-1] o.s.web.servlet.DispatcherServlet        : Initializing Servlet 'dispatcherServlet'
2026-06-29T10:27:39.471+02:00  INFO 81546 --- [capitall] [nio-8080-exec-1] o.s.web.servlet.DispatcherServlet        : Completed initialization in 1 ms
2026-06-29T10:27:56.784+02:00  INFO 81546 --- [capitall] [   scheduling-1] c.capitall.service.AllocationScheduler   : Starting scheduled cleanup of expired allocations...
2026-06-29T10:27:56.791+02:00  INFO 81546 --- [capitall] [   scheduling-1] c.capitall.service.AllocationScheduler   : Scheduled cleanup of expired allocations completed successfully.
2026-06-29T10:28:56.783+02:00  INFO 81546 --- [capitall] [   scheduling-1] c.capitall.service.AllocationScheduler   : Starting scheduled cleanup of expired allocations...
2026-06-29T10:28:56.790+02:00  INFO 81546 --- [capitall] [   scheduling-1] c.capitall.service.AllocationScheduler   : Scheduled cleanup of expired allocations completed successfully.
2026-06-29T10:29:56.784+02:00  INFO 81546 --- [capitall] [   scheduling-1] c.capitall.service.AllocationScheduler   : Starting scheduled cleanup of expired allocations...
2026-06-29T10:29:56.789+02:00  INFO 81546 --- [capitall] [   scheduling-1] c.capitall.service.AllocationScheduler   : Scheduled cleanup of expired allocations completed successfully.
2026-06-29T10:30:56.795+02:00  INFO 81546 --- [capitall] [   scheduling-1] com.capitall.service.EquitySnapshotter   : Captured equity snapshots for 2 users
2026-06-29T10:30:56.796+02:00  INFO 81546 --- [capitall] [   scheduling-1] c.capitall.service.AllocationScheduler   : Starting scheduled cleanup of expired allocations...
2026-06-29T10:30:56.797+02:00  INFO 81546 --- [capitall] [   scheduling-1] c.capitall.service.AllocationScheduler   : Scheduled cleanup of expired allocations completed successfully.
2026-06-29T10:31:56.786+02:00  INFO 81546 --- [capitall] [   scheduling-1] c.capitall.service.AllocationScheduler   : Starting scheduled cleanup of expired allocations...
2026-06-29T10:31:56.792+02:00  INFO 81546 --- [capitall] [   scheduling-1] c.capitall.service.AllocationScheduler   : Scheduled cleanup of expired allocations completed successfully.
2026-06-29T10:32:56.786+02:00  INFO 81546 --- [capitall] [   scheduling-1] c.capitall.service.AllocationScheduler   : Starting scheduled cleanup of expired allocations...
2026-06-29T10:32:56.790+02:00  INFO 81546 --- [capitall] [   scheduling-1] c.capitall.service.AllocationScheduler   : Scheduled cleanup of expired allocations completed successfully.
2026-06-29T10:33:56.781+02:00  INFO 81546 --- [capitall] [   scheduling-1] c.capitall.service.AllocationScheduler   : Starting scheduled cleanup of expired allocations...
2026-06-29T10:33:56.786+02:00  INFO 81546 --- [capitall] [   scheduling-1] c.capitall.service.AllocationScheduler   : Scheduled cleanup of expired allocations completed successfully.
2026-06-29T10:34:56.785+02:00  INFO 81546 --- [capitall] [   scheduling-1] c.capitall.service.AllocationScheduler   : Starting scheduled cleanup of expired allocations...
2026-06-29T10:34:56.790+02:00  INFO 81546 --- [capitall] [   scheduling-1] c.capitall.service.AllocationScheduler   : Scheduled cleanup of expired allocations completed successfully.
2026-06-29T10:35:56.796+02:00  INFO 81546 --- [capitall] [   scheduling-1] com.capitall.service.EquitySnapshotter   : Captured equity snapshots for 2 users
2026-06-29T10:35:56.797+02:00  INFO 81546 --- [capitall] [   scheduling-1] c.capitall.service.AllocationScheduler   : Starting scheduled cleanup of expired allocations...
2026-06-29T10:35:56.799+02:00  INFO 81546 --- [capitall] [   scheduling-1] c.capitall.service.AllocationScheduler   : Scheduled cleanup of expired allocations completed successfully.
2026-06-29T10:36:56.807+02:00  INFO 81546 --- [capitall] [   scheduling-1] c.capitall.service.AllocationScheduler   : Starting scheduled cleanup of expired allocations...
2026-06-29T10:36:56.812+02:00  INFO 81546 --- [capitall] [   scheduling-1] c.capitall.service.AllocationScheduler   : Scheduled cleanup of expired allocations completed successfully.
2026-06-29T10:37:56.810+02:00  INFO 81546 --- [capitall] [   scheduling-1] c.capitall.service.AllocationScheduler   : Starting scheduled cleanup of expired allocations...
2026-06-29T10:37:56.812+02:00  INFO 81546 --- [capitall] [   scheduling-1] c.capitall.service.AllocationScheduler   : Scheduled cleanup of expired allocations completed successfully.
2026-06-29T10:38:56.807+02:00  INFO 81546 --- [capitall] [   scheduling-1] c.capitall.service.AllocationScheduler   : Starting scheduled cleanup of expired allocations...
2026-06-29T10:38:56.814+02:00  INFO 81546 --- [capitall] [   scheduling-1] c.capitall.service.AllocationScheduler   : Scheduled cleanup of expired allocations completed successfully.
2026-06-29T10:39:56.811+02:00  INFO 81546 --- [capitall] [   scheduling-1] c.capitall.service.AllocationScheduler   : Starting scheduled cleanup of expired allocations...
2026-06-29T10:39:56.814+02:00  INFO 81546 --- [capitall] [   scheduling-1] c.capitall.service.AllocationScheduler   : Scheduled cleanup of expired allocations completed successfully.
2026-06-29T10:40:56.814+02:00  INFO 81546 --- [capitall] [   scheduling-1] com.capitall.service.EquitySnapshotter   : Captured equity snapshots for 2 users
2026-06-29T10:40:56.815+02:00  INFO 81546 --- [capitall] [   scheduling-1] c.capitall.service.AllocationScheduler   : Starting scheduled cleanup of expired allocations...
2026-06-29T10:40:56.815+02:00  INFO 81546 --- [capitall] [   scheduling-1] c.capitall.service.AllocationScheduler   : Scheduled cleanup of expired allocations completed successfully.
2026-06-29T10:41:56.811+02:00  INFO 81546 --- [capitall] [   scheduling-1] c.capitall.service.AllocationScheduler   : Starting scheduled cleanup of expired allocations...
2026-06-29T10:41:56.814+02:00  INFO 81546 --- [capitall] [   scheduling-1] c.capitall.service.AllocationScheduler   : Scheduled cleanup of expired allocations completed successfully.
2026-06-29T10:42:56.816+02:00  INFO 81546 --- [capitall] [   scheduling-1] c.capitall.service.AllocationScheduler   : Starting scheduled cleanup of expired allocations...
2026-06-29T10:42:56.820+02:00  INFO 81546 --- [capitall] [   scheduling-1] c.capitall.service.AllocationScheduler   : Scheduled cleanup of expired allocations completed successfully.
[INFO] ------------------------------------------------------------------------
[INFO] BUILD FAILURE
[INFO] ------------------------------------------------------------------------
[INFO] Total time:  17:14 min
[INFO] Finished at: 2026-06-29T10:43:08+02:00
[INFO] ------------------------------------------------------------------------
[ERROR] Failed to execute goal org.springframework.boot:spring-boot-maven-plugin:3.3.0:run (default-cli) on project capitall: Process terminated with exit code: 137 -> [Help 1]
[ERROR] 
[ERROR] To see the full stack trace of the errors, re-run Maven with the -e switch.
[ERROR] Re-run Maven using the -X switch to enable full debug logging.
[ERROR] 
[ERROR] For more information about the errors and possible solutions, please read the following articles:
[ERROR] [Help 1] http://cwiki.apache.org/confluence/display/MAVEN/MojoExecutionException
